[2026-04-21T18:17:01.345Z] [DB] Initializing DB. Connection string present: true
[2026-04-21T18:17:01.358Z] [API] GET request received
[2026-04-21T18:17:01.358Z] [API] Fetching published courses only...
[2026-04-21T18:17:21.774Z] [API] GET request received
[2026-04-21T18:17:21.774Z] [API] Fetching published courses only...
[2026-04-21T18:17:22.661Z] [API] Error fetching courses: Failed query: select "id", "courseId", "name", "level", "includeVideo", "courseOutput", "createdBy", "username", "userProfileImage", "courseBanner", "publish", "creatorId", "isPublished" from "courseList"
params: 
[2026-04-21T18:17:37.789Z] [API] GET request received
[2026-04-21T18:17:37.790Z] [API] Fetching published courses only...
[2026-04-21T18:17:58.234Z] [API] GET request received
[2026-04-21T18:17:58.236Z] [API] Fetching published courses only...
[2026-04-21T18:18:18.001Z] [DB] Initializing DB. Connection string present: true
[2026-04-21T18:18:18.024Z] [API] GET request received
[2026-04-21T18:18:18.025Z] [API] Fetching published courses only...
[2026-04-21T18:18:27.824Z] [DB] Initializing DB. Connection string present: true
[2026-04-21T18:18:37.035Z] [API] GET request received
[2026-04-21T18:18:37.035Z] [API] Fetching published courses only...
[2026-04-21T18:18:39.391Z] [API] Error fetching courses: Failed query: select "id", "courseId", "name", "level", "includeVideo", "courseOutput", "createdBy", "username", "userProfileImage", "courseBanner", "publish", "creatorId", "isPublished" from "courseList"
params: 
[2026-04-21T18:19:10.491Z] [API] Error fetching courses: Failed query: select "id", "courseId", "name", "level", "includeVideo", "courseOutput", "createdBy", "username", "userProfileImage", "courseBanner", "publish", "creatorId", "isPublished" from "courseList"
params: 
[2026-04-21T18:32:00.620Z] [API] GET request received
[2026-04-21T18:32:00.620Z] [API] Fetching published courses only...
[2026-04-21T18:32:20.594Z] [API] GET request received
[2026-04-21T18:32:20.594Z] [API] Fetching published courses only...
[2026-04-21T18:32:55.607Z] [API] Error fetching courses: Failed query: select "id", "courseId", "name", "level", "includeVideo", "courseOutput", "createdBy", "username", "userProfileImage", "courseBanner", "publish", "creatorId", "isPublished" from "courseList"
params: 
[2026-04-21T18:34:11.319Z] [API] Error fetching courses: Failed query: select "id", "courseId", "name", "level", "includeVideo", "courseOutput", "createdBy", "username", "userProfileImage", "courseBanner", "publish", "creatorId", "isPublished" from "courseList"
params: 
[2026-04-21T18:39:07.739Z] [DB] Initializing DB. Connection string present: true
[2026-04-21T18:39:07.765Z] [API] GET request received
[2026-04-21T18:39:07.766Z] [API] Fetching published courses only...
[2026-04-21T18:39:08.195Z] [DB] Initializing DB. Connection string present: true
[2026-04-21T18:39:25.924Z] [API] GET request received
[2026-04-21T18:39:25.925Z] [API] Fetching published courses only...
[2026-04-21T18:39:29.295Z] [API] Error fetching courses: Failed query: select "id", "courseId", "name", "level", "includeVideo", "courseOutput", "createdBy", "username", "userProfileImage", "courseBanner", "publish", "creatorId", "isPublished" from "courseList"
params: 
[2026-04-21T18:39:50.892Z] [API] Error fetching courses: Failed query: select "id", "courseId", "name", "level", "includeVideo", "courseOutput", "createdBy", "username", "userProfileImage", "courseBanner", "publish", "creatorId", "isPublished" from "courseList"
params: 
[2026-04-21T18:40:14.063Z] [DB] Initializing DB. Connection string present: true
[2026-04-21T18:40:14.070Z] [DEBUG-ISOLATED] Isolated Debug API called
[2026-04-21T18:40:34.526Z] [DEBUG-ISOLATED] Isolated Debug API called
[2026-04-21T18:40:35.490Z] [DEBUG-ISOLATED] Isolated Error: Failed query: SELECT * FROM "courseList" LIMIT 1
params: 
[2026-04-21T18:41:00.655Z] [DB] Initializing DB. Connection string present: true
[2026-04-21T18:41:00.659Z] [SUPER-DIAGNOSTIC] Starting Super Diagnostic
[2026-04-21T18:41:00.659Z] [SUPER-DIAGNOSTIC] Querying information_schema.columns...
[2026-04-21T18:41:18.182Z] [DEBUG-ISOLATED] Isolated Error: Failed query: SELECT * FROM "courseList" LIMIT 1
params: 
[2026-04-21T18:41:21.043Z] [SUPER-DIAGNOSTIC] Starting Super Diagnostic
[2026-04-21T18:41:21.043Z] [SUPER-DIAGNOSTIC] Querying information_schema.columns...
[2026-04-21T18:41:21.952Z] [SUPER-DIAGNOSTIC] Super Diagnostic Error: Failed query: 
      SELECT column_name 
      FROM information_schema.columns 
      WHERE table_name = 'courseList'
    
params: 
[2026-04-21T18:41:53.713Z] [DB] Initializing DB. Connection string present: true
[2026-04-21T18:41:53.717Z] [FINAL-CHECK] Final check started
[2026-04-21T18:41:53.718Z] [FINAL-CHECK] ENV DATABASE_URL length: 119
[2026-04-21T18:41:53.718Z] [FINAL-CHECK] ENV DATABASE_URL starts with: postgresql://po...
[2026-04-21T18:41:53.718Z] [FINAL-CHECK] Trying SELECT 1...
[2026-04-21T18:42:04.670Z] [SUPER-DIAGNOSTIC] Super Diagnostic Error: Failed query: 
      SELECT column_name 
      FROM information_schema.columns 
      WHERE table_name = 'courseList'
    
params: 
[2026-04-21T18:42:14.076Z] [FINAL-CHECK] Final check started
[2026-04-21T18:42:14.077Z] [FINAL-CHECK] ENV DATABASE_URL length: 119
[2026-04-21T18:42:14.077Z] [FINAL-CHECK] ENV DATABASE_URL starts with: postgresql://po...
[2026-04-21T18:42:14.077Z] [FINAL-CHECK] Trying SELECT 1...
[2026-04-21T18:42:15.025Z] [FINAL-CHECK] SELECT 1 failure: Failed query: SELECT 1 as test
params: 
[2026-04-21T18:42:57.767Z] [FINAL-CHECK] SELECT 1 failure: Failed query: SELECT 1 as test
params: 
[2026-04-21T18:43:05.648Z] [DB] Initializing DB. Connection string present: true
[2026-04-21T18:43:05.662Z] [FINAL-CHECK] Final check started
[2026-04-21T18:43:05.663Z] [FINAL-CHECK] ENV DATABASE_URL length: 119
[2026-04-21T18:43:05.663Z] [FINAL-CHECK] ENV DATABASE_URL starts with: postgresql://po...
[2026-04-21T18:43:05.663Z] [FINAL-CHECK] Trying SELECT 1...
[2026-04-21T18:43:12.107Z] [FINAL-CHECK] Final check started
[2026-04-21T18:43:12.108Z] [FINAL-CHECK] ENV DATABASE_URL length: 119
[2026-04-21T18:43:12.108Z] [FINAL-CHECK] ENV DATABASE_URL starts with: postgresql://po...
[2026-04-21T18:43:12.108Z] [FINAL-CHECK] Trying SELECT 1...
[2026-04-21T18:43:24.338Z] [DB] Initializing DB. Connection string present: true
[2026-04-21T18:43:24.350Z] [FINAL-CHECK] Final check started
[2026-04-21T18:43:24.350Z] [FINAL-CHECK] ENV DATABASE_URL length: 119
[2026-04-21T18:43:24.350Z] [FINAL-CHECK] ENV DATABASE_URL starts with: postgresql://po...
[2026-04-21T18:43:24.350Z] [FINAL-CHECK] Trying SELECT 1...
[2026-04-21T18:43:34.401Z] [FINAL-CHECK] SELECT 1 failure: Failed query: SELECT 1 as test
params: 
[2026-04-21T18:43:34.476Z] [FINAL-CHECK] Final check started
[2026-04-21T18:43:34.476Z] [FINAL-CHECK] ENV DATABASE_URL length: 119
[2026-04-21T18:43:34.476Z] [FINAL-CHECK] ENV DATABASE_URL starts with: postgresql://po...
[2026-04-21T18:43:34.477Z] [FINAL-CHECK] Trying SELECT 1...
[2026-04-21T18:43:54.480Z] [FINAL-CHECK] SELECT 1 failure: Failed query: SELECT 1 as test
params: 
[2026-04-21T18:45:20.450Z] [DB] Initializing DB. Connection string present: true
[2026-04-21T18:45:20.459Z] [API] GET request received
[2026-04-21T18:45:20.459Z] [API] Fetching published courses only...
[2026-04-21T18:45:20.785Z] [DB] Initializing DB. Connection string present: true
[2026-04-21T18:45:25.555Z] [DB] Initializing DB. Connection string present: true
[2026-04-21T18:45:40.452Z] [API] GET request received
[2026-04-21T18:45:40.452Z] [API] Fetching published courses only...
[2026-04-21T18:45:41.881Z] [API] Fatal API Error: Failed query: select "id", "courseId", "name", "level", "includeVideo", "courseOutput", "createdBy", "username", "userProfileImage", "courseBanner", "publish", "creatorId", "isPublished" from "courseList"
params: 
[2026-04-21T18:45:49.140Z] [API] GET request received
[2026-04-21T18:45:49.140Z] [API] Fetching published courses only...
[2026-04-21T18:46:08.285Z] [API] Fatal API Error: Failed query: select "id", "courseId", "name", "level", "includeVideo", "courseOutput", "createdBy", "username", "userProfileImage", "courseBanner", "publish", "creatorId", "isPublished" from "courseList"
params: 
[2026-04-21T18:46:29.857Z] [API] GET request received
[2026-04-21T18:46:29.858Z] [API] Fetching published courses only...
[2026-04-21T18:48:02.087Z] [API] Fatal API Error: Failed query: select "id", "courseId", "name", "level", "includeVideo", "courseOutput", "createdBy", "username", "userProfileImage", "courseBanner", "publish", "creatorId", "isPublished" from "courseList"
params: 
[2026-04-21T18:48:52.717Z] [API] GET request received
[2026-04-21T18:48:52.718Z] [API] Fetching published courses only...
[2026-04-21T18:49:13.073Z] [API] GET request received
[2026-04-21T18:49:13.074Z] [API] Fetching published courses only...
[2026-04-21T18:49:13.825Z] [API] Fatal API Error: Failed query: select "id", "courseId", "name", "level", "includeVideo", "courseOutput", "createdBy", "username", "userProfileImage", "courseBanner", "publish", "creatorId", "isPublished" from "courseList"
params: 
[2026-04-21T18:49:45.951Z] [API] Fatal API Error: Failed query: select "id", "courseId", "name", "level", "includeVideo", "courseOutput", "createdBy", "username", "userProfileImage", "courseBanner", "publish", "creatorId", "isPublished" from "courseList"
params: 
[2026-04-21T18:51:00.571Z] [API] Fatal API Error: Failed query: select "id", "courseId", "name", "level", "includeVideo", "courseOutput", "createdBy", "username", "userProfileImage", "courseBanner", "publish", "creatorId", "isPublished" from "courseList"
params: 
